
# AgentSoccer log ready at 2026-05-25 09:13:08

========================================================================================
time: 2026-05-25 09:13:19
request_id: 43306b8b-c53d-4c51-a59c-038d7d86b524
question_id: 0
stage: request_received
summary: Incoming web chat request via stream.
----------------------------------------------------------------------------------------
message:
xin chào

packet:
{
  "route": "match-detail",
  "userMessage": "xin chào",
  "activeContext": null,
  "match": {
    "id": "uefa-champions-league-2023-09-20-03-00-00-barcelona-antwerp",
    "title": "Barcelona 5 - 0 Antwerp",
    "league": "UEFA Champions League",
    "season": "2023-2024",
    "status": "Final",
    "time": "03:00, 20/09/2023",
    "teams": [
      "Barcelona",
      "Antwerp"
    ],
    "score": "5 - 0",
    "stats": {
      "possession": [
        50,
        50
      ],
      "shots": [
        0,
        0
      ],
      "xg": [
        0,
        0
      ]
    },
    "summary": "Not found.",
    "source": "dataset/raw/europe_champions-league_2023-2024/2023-09-19_fc-barcelona-royal-antwerp/2023-09-20_Barcelona_5-0_Antwerp_G067uJ1M.json"
  },
  "media": {
    "currentMinute": 0,
    "nearbyEvents": [
      {
        "minute": "10'",
        "minuteVal": 10,
        "text": "Joao Felix (Barcelona) picks up the ball on the edge of the penalty box and produces a moment of magic with a brilliant shot that goes into the left side of the goal!"
      }
    ],
    "retrievalWindowSeconds": 180
  },
  "memoryPolicy": {
    "keepLastTurns": 6,
    "summarizeOlderTurns": true,
    "retrieveBy": [
      "match_id",
      "team",
      "player",
      "minute",
      "topic"
    ]
  }
}

========================================================================================
time: 2026-05-25 09:13:27
request_id: 43306b8b-c53d-4c51-a59c-038d7d86b524
question_id: 1779675199756
stage: think_d0
summary: decision=DIRECT subtasks=0
----------------------------------------------------------------------------------------
<analysis>
DOMAIN: SOCCER
The user is greeting me in Vietnamese ("xin chào" means "hello"). This is a conversational opener, not a specific football question. However, the context is a football match (Barcelona vs Antwerp). I should acknowledge the greeting and offer assistance related to the match or general football topics. Since there is no specific question to answer yet, I don't need to decompose into sub-tasks for analysis. I will respond naturally in Vietnamese.
</analysis>

<decision>DIRECT</decision>

<reason>The input is a simple greeting ("xin chào") without a specific question about the match or player details. No tool usage or decomposition is required at this stage; a natural language response acknowledging the greeting and offering help is appropriate.</reason>

========================================================================================
time: 2026-05-25 09:13:32
request_id: 43306b8b-c53d-4c51-a59c-038d7d86b524
question_id: 1779675199756
stage: final_answer
summary: Final answer returned to the web UI.
----------------------------------------------------------------------------------------
Chào bạn, đây là kết quả của trận đấu giữa Barcelona và Antwerp trong khuôn khổ UEFA Champions League mùa giải 2023-2024. Kết thúc trận đấu với tỷ số đậm đà **5 - 0** nghiêng hoàn toàn về phía Barcelona.

Dựa trên dữ liệu có sẵn, chúng ta biết được rằng vào phút thứ 10, João Felix đã có một pha lập công ấn tượng từ bên ngoài vòng cấm địa, đưa bóng đi qua cột dọc trái để ghi bàn cho đội chủ nhà. Tuy nhiên, thông tin chi tiết về các bàn thắng còn lại và diễn biến cụ thể của cả trận đấu hiện chưa có trong hồ sơ này. Nếu bạn cần phân tích sâu hơn về chiến thuật hay thống kê chi tiết khác, hãy cho tôi biết nhé!

========================================================================================
time: 2026-05-25 09:14:36
request_id: 5a41bfea-de55-42c9-803c-5e4018c15b62
question_id: 0
stage: request_received
summary: Incoming web chat request via stream.
----------------------------------------------------------------------------------------
message:
trận này ai ghi bàn

packet:
{
  "route": "match-detail",
  "userMessage": "trận này ai ghi bàn",
  "activeContext": null,
  "match": {
    "id": "uefa-champions-league-2023-09-20-03-00-00-barcelona-antwerp",
    "title": "Barcelona 5 - 0 Antwerp",
    "league": "UEFA Champions League",
    "season": "2023-2024",
    "status": "Final",
    "time": "03:00, 20/09/2023",
    "teams": [
      "Barcelona",
      "Antwerp"
    ],
    "score": "5 - 0",
    "stats": {
      "possession": [
        50,
        50
      ],
      "shots": [
        0,
        0
      ],
      "xg": [
        0,
        0
      ]
    },
    "summary": "Not found.",
    "source": "dataset/raw/europe_champions-league_2023-2024/2023-09-19_fc-barcelona-royal-antwerp/2023-09-20_Barcelona_5-0_Antwerp_G067uJ1M.json"
  },
  "media": {
    "currentMinute": 0,
    "nearbyEvents": [
      {
        "minute": "10'",
        "minuteVal": 10,
        "text": "Joao Felix (Barcelona) picks up the ball on the edge of the penalty box and produces a moment of magic with a brilliant shot that goes into the left side of the goal!"
      }
    ],
    "retrievalWindowSeconds": 180
  },
  "memoryPolicy": {
    "keepLastTurns": 6,
    "summarizeOlderTurns": true,
    "retrieveBy": [
      "match_id",
      "team",
      "player",
      "minute",
      "topic"
    ]
  }
}

========================================================================================
time: 2026-05-25 09:14:40
request_id: 5a41bfea-de55-42c9-803c-5e4018c15b62
question_id: 1779675276371
stage: think_d0
summary: decision=DECOMPOSE subtasks=1
----------------------------------------------------------------------------------------
<analysis>
DOMAIN: SOCCER
The user is asking "trận này ai ghi bàn" (Who scored in this match?) in Vietnamese.
This is a Q1 text-only knowledge question regarding specific match events (goals).
There is no media provided, so visual analysis is impossible.
I must rely on the database tools to retrieve the goal scorers for the specific match identified in the packet: Barcelona vs Antwerp, UEFA Champions League, 2023-09-20.
Since the question asks about a specific match event (who scored), I need to use `game_search` with the team names and date to find the match record, then retrieve the goal details.
</analysis>

<decision>DECOMPOSE</decision>

<subtasks>
<task>
role: match data analyst
objective: Search for the match between Barcelona and Antwerp in the UEFA Champions League on 2023-09-20
focus: Retrieve full match details including goal scorers, timing, and assist providers
type: game_search
media: none
</task>
</subtasks>

========================================================================================
time: 2026-05-25 09:14:40
request_id: 5a41bfea-de55-42c9-803c-5e4018c15b62
question_id: 1779675276371
stage: game_search_1
summary: Search: between Barcelona and Antwerp in the UEFA Champions League on 2023-09-20 | Found: 0 games
----------------------------------------------------------------------------------------
No matching games found.
Query used: 'between Barcelona and Antwerp in the UEFA Champions League on 2023-09-20'
The query did not contain recognizable team names, dates, or league/season info.
The game database covers 6 European leagues (EPL, Bundesliga, Serie A, La Liga, Ligue 1, UCL) from 2014-2024.
SUGGESTION: Retry with specific team names (e.g. 'Bayern Munich vs Dortmund 2015-2016').

========================================================================================
time: 2026-05-25 09:14:40
request_id: 5a41bfea-de55-42c9-803c-5e4018c15b62
question_id: 1779675276371
stage: subtask_d1_1
summary: Search for the match between Barcelona and Antwerp in the UEFA Champions League 
----------------------------------------------------------------------------------------
No matching games found.
Query used: 'between Barcelona and Antwerp in the UEFA Champions League on 2023-09-20'
The query did not contain recognizable team names, dates, or league/season info.
The game database covers 6 European leagues (EPL, Bundesliga, Serie A, La Liga, Ligue 1, UCL) from 2014-2024.
SUGGESTION: Retry with specific team names (e.g. 'Bayern Munich vs Dortmund 2015-2016').

========================================================================================
time: 2026-05-25 09:14:40
request_id: 5a41bfea-de55-42c9-803c-5e4018c15b62
question_id: 1779675276371
stage: subtask_d1_11
summary: task1:auto
----------------------------------------------------------------------------------------
No games found. The search query may lack specific details (team names, date, season). Query used: '=== WEB USER QUESTION ===
trận này ai ghi bàn

=== WEB MATCH PACKET ===
Match id: uefa-champions-league-2023-09-20-03-00-00-barcelona-antwerp
Title: Barcelona 5 - 0 Antwerp
League: UEFA Champions League
Season: 2023-2024
Status: Final
Kickoff: 03:00, 20/09/2023
Score: 5 - 0
Teams: Barcelona vs Antwerp
Stats: possession: [50, 50]; shots: [0, 0]; xg: [0, 0]
Summary: Not found.
Current playback minute: 0
Nearby timeline events:
- 10': Joao Felix (Barcelona) picks up the ball on the edge of the penalty box and produces a moment of magic with a brilliant shot that goes into the left side of the goal!

=== RESPONSE REQUIREMENTS ===
Answer naturally for the web user, not as a multiple-choice answer.
Use the packet plus any SoccerNet tool/database evidence gathered by the agent.
If evidence is missing, say what is missing and give the best grounded answer.
Keep the answer concise unless the user asks for detailed analysis.
Respond in Vietnamese.'

========================================================================================
time: 2026-05-25 09:14:42
request_id: 5a41bfea-de55-42c9-803c-5e4018c15b62
question_id: 1779675276371
stage: synthesize_d0
summary: SYNTHESIZE
----------------------------------------------------------------------------------------
Trong trận đấu giữa Barcelona và Antwerp tại UEFA Champions League ngày 20/9/2023, Barcelona đã ghi tới 5 bàn thắng trong khi Antwerp không ghi được bàn nào.

Dựa trên dữ kiện có sẵn, chúng ta chỉ xác nhận được một cầu thủ ghi bàn cụ thể là **Joao Felix** của Barcelona (phút thứ 10) với cú sút tuyệt đẹp từ rìa vòng cấm vào góc trái khung thành. Tuy nhiên, thông tin chi tiết về 4 bàn thắng còn lại của Barcelona (để tổng số thành 5-0) chưa được hiển thị đầy đủ trong bản tin hiện tại.

Vì vậy, câu trả lời chắc chắn nhất là: **Joao Felix** đã ghi bàn cho Barcelona. Để biết danh sách đầy đủ các cầu thủ ghi bàn còn lại, cần truy cập thêm nguồn dữ liệu chi tiết hơn về trận đấu này.

========================================================================================
time: 2026-05-25 09:14:42
request_id: 5a41bfea-de55-42c9-803c-5e4018c15b62
question_id: 1779675276371
stage: final_answer
summary: Final answer returned to the web UI.
----------------------------------------------------------------------------------------
Trong trận đấu giữa Barcelona và Antwerp tại UEFA Champions League ngày 20/9/2023, Barcelona đã ghi tới 5 bàn thắng trong khi Antwerp không ghi được bàn nào.

Dựa trên dữ kiện có sẵn, chúng ta chỉ xác nhận được một cầu thủ ghi bàn cụ thể là **Joao Felix** của Barcelona (phút thứ 10) với cú sút tuyệt đẹp từ rìa vòng cấm vào góc trái khung thành. Tuy nhiên, thông tin chi tiết về 4 bàn thắng còn lại của Barcelona (để tổng số thành 5-0) chưa được hiển thị đầy đủ trong bản tin hiện tại.

Vì vậy, câu trả lời chắc chắn nhất là: **Joao Felix** đã ghi bàn cho Barcelona. Để biết danh sách đầy đủ các cầu thủ ghi bàn còn lại, cần truy cập thêm nguồn dữ liệu chi tiết hơn về trận đấu này.

========================================================================================
time: 2026-05-25 09:16:47
request_id: abe0084c-5075-469f-9b00-80c7f8647e69
question_id: 0
stage: request_received
summary: Incoming web chat request via stream.
----------------------------------------------------------------------------------------
message:
trận này ai đã ghi bàn

packet:
{
  "route": "match-detail",
  "userMessage": "trận này ai đã ghi bàn",
  "activeContext": null,
  "match": {
    "id": "uefa-champions-league-2023-09-20-03-00-00-barcelona-antwerp",
    "title": "Barcelona 5 - 0 Antwerp",
    "league": "UEFA Champions League",
    "season": "2023-2024",
    "status": "Final",
    "time": "03:00, 20/09/2023",
    "teams": [
      "Barcelona",
      "Antwerp"
    ],
    "score": "5 - 0",
    "stats": {
      "possession": [
        50,
        50
      ],
      "shots": [
        0,
        0
      ],
      "xg": [
        0,
        0
      ]
    },
    "summary": "Not found.",
    "source": "dataset/raw/europe_champions-league_2023-2024/2023-09-19_fc-barcelona-royal-antwerp/2023-09-20_Barcelona_5-0_Antwerp_G067uJ1M.json"
  },
  "media": {
    "currentMinute": 0,
    "nearbyEvents": [
      {
        "minute": "10'",
        "minuteVal": 10,
        "text": "Joao Felix (Barcelona) picks up the ball on the edge of the penalty box and produces a moment of magic with a brilliant shot that goes into the left side of the goal!"
      }
    ],
    "retrievalWindowSeconds": 180
  },
  "memoryPolicy": {
    "keepLastTurns": 6,
    "summarizeOlderTurns": true,
    "retrieveBy": [
      "match_id",
      "team",
      "player",
      "minute",
      "topic"
    ]
  }
}

========================================================================================
time: 2026-05-25 09:16:52
request_id: abe0084c-5075-469f-9b00-80c7f8647e69
question_id: 1779675407690
stage: think_d0
summary: decision=DECOMPOSE subtasks=2
----------------------------------------------------------------------------------------
<analysis>
DOMAIN: SOCCER
The user is asking "ai đã ghi bàn" (who scored goals) for the match between Barcelona and Antwerp in the UEFA Champions League on September 20, 2023. This is a text-only knowledge question about specific match events (goalscorers). Since there is no media provided and this requires factual data from a specific game, I must use the `game_search` tool to retrieve the match details, specifically focusing on the "goals" section. After retrieving the list of scorers, I will use a `reasoning` task to synthesize the information into a natural language answer in Vietnamese.
</analysis>

<decision>DECOMPOSE</decision>

<subtasks>
<task>
role: match data analyst
objective: Search for the match between Barcelona and Antwerp in the UEFA Champions League on 2023-09-20 to find the goal scorers.
focus: Retrieve the list of players who scored goals, their minutes, and the teams they played for.
type: game_search
media: none
</task>
<task>
role: reasoning specialist
objective: Synthesize the retrieved goal-scoring data into a clear, natural language response in Vietnamese.
focus: List each player's name, the team they represent, and the time they scored based on the search results.
type: reasoning
media: none
</task>
</subtasks>

========================================================================================
time: 2026-05-25 09:16:52
request_id: abe0084c-5075-469f-9b00-80c7f8647e69
question_id: 1779675407690
stage: game_search_1
summary: Search: Barcelona Antwerp 2023 | Found: 1 games
----------------------------------------------------------------------------------------
=== GAME SEARCH: Found 1 matching game(s) ===
  Game #1: Barcelona 5 - 0 Antwerp | Date: 2023-09-19 | League: europe_champions-league | Season: 2023-2024 | Venue: Estadi Olímpic Lluís Companys (Barcelona)

To get detailed information, use game_detail with:
  - objective: the game number (e.g. '1' or '3')
  - focus: what to retrieve (lineup / goals / commentary / info / all)

========================================================================================
time: 2026-05-25 09:16:52
request_id: abe0084c-5075-469f-9b00-80c7f8647e69
question_id: 1779675407690
stage: subtask_d1_1
summary: Search for the match between Barcelona and Antwerp in the UEFA Champions League 
----------------------------------------------------------------------------------------
=== GAME SEARCH: Found 1 matching game(s) ===
  Game #1: Barcelona 5 - 0 Antwerp | Date: 2023-09-19 | League: europe_champions-league | Season: 2023-2024 | Venue: Estadi Olímpic Lluís Companys (Barcelona)

To get detailed information, use game_detail with:
  - objective: the game number (e.g. '1' or '3')
  - focus: what to retrieve (lineup / goals / commentary / info / all)

========================================================================================
time: 2026-05-25 09:16:52
request_id: abe0084c-5075-469f-9b00-80c7f8647e69
question_id: 1779675407690
stage: game_detail_11
summary: Detail: Game #1 (Barcelona vs Antwerp) | Focus: lineup
----------------------------------------------------------------------------------------
=== MATCH: Barcelona 5 - 0 Antwerp ===
Date: 2023-09-19 (timestamp: 2023-09-20 03:00:00) | League: europe_champions-league | Season: 2023-2024
Venue: Estadi Olímpic Lluís Companys (Barcelona) (cap: 54 367) | Attendance: 40 989
Referee:  (Rou)
Jersey colors: Barcelona: blue and red | Antwerp: light blue
Formations: Barcelona 4 - 3 - 3 | Antwerp 4 - 2 - 3 - 1
Coach (Barcelona): Xavi
Coach (Antwerp): Mark van Bommel
Missing (Barcelona): Ronald Araujo, Pedri
Missing (Antwerp): Kobe Corbanie, Bjorn Engels, Davino Verhulst, Sam Vines

--- Barcelona Starting XI ---
  #3 Alejandro Balde | Defender | Spain | 20, (18.10.2003)
  #2 Joao Cancelo | Defender | Portugal | 29, (27.05.1994)
  #15 Andreas Christensen | Defender | Denmark | 27, (10.04.1996)
  #21 Frenkie de Jong | Midfielder | Netherlands | 26, (12.05.1997)
  #6 Gavi | Midfielder | Spain | 19, (05.08.2004)
  #22 Ilkay Gundogan | Midfielder | Germany | 33, (24.10.1990)
  #14 Joao Felix | Forward | Portugal | 24, (10.11.1999)
  #23 Jules Kounde | Defender | France | 25, (12.11.1998)
  #9 Robert Lewandowski | Forward | Poland | 35, (21.08.1988)
  #11 Raphinha | Forward | Brazil | 27, (14.12.1996)
  #1 Marc-Andre ter Stegen (C) (GK) | Goalkeeper | Germany | 31, (30.04.1992)
  Substituted in: #32 Fermin Lopez, #20 Sergi Roberto, #18 Oriol Romeu, #7 Ferran Torres, #27 Lamine Yamal
  Bench: #17 Marcos Alonso, #26 Ander Astralaga, #30 Marc Casado, #5 Inigo Martinez, #13 Inaki Pena

--- Antwerp Starting XI ---
  #23 Toby Alderweireld (C) | Defender | Belgium | 34, (02.03.1989)
  #10 Michel-Ange Balikwisha | Forward | Belgium | 22, (10.05.2001)
  #34 Jelle Bataille | Midfielder | Belgium | 24, (20.05.1999)
  #1 Jean Butez (GK) | Goalkeeper | France | 28, (08.06.1995)
  #44 Soumaila Coulibaly | Defender | France | 20, (14.10.2003)
  #24 Jurgen Ekkelenkamp | Midfielder | Netherlands | 23, (05.04.2000)
  #18 Vincent Janssen | Forward | Netherlands | 29, (15.06.1994)
  #27 Mandela Keita | Midfielder | Belgium | 21, (10.05.2002)
  #11 Arbnor Muja | Forward | Albania | 25, (29.11.1998)
  #48 Vermeeren A. |  | 
  #5 Owen Wijndal | Defender | Netherlands | 24, (28.11.1999)
  Substituted in: #2 Ritchie De Laet, #9 George Ilenikhena, #7 Gyrano Kerk, #55 Anthony Valencia, #8 Alhassan Yusuf
  Bench: #26 Ortwin De Wolf, #19 Chidera Ejuke, #91 Senne Lammens, #33 Zeno Van Den Bosch

========================================================================================
time: 2026-05-25 09:16:52
request_id: abe0084c-5075-469f-9b00-80c7f8647e69
question_id: 1779675407690
stage: subtask_d1_11
summary: task1:auto
----------------------------------------------------------------------------------------
=== MATCH: Barcelona 5 - 0 Antwerp ===
Date: 2023-09-19 (timestamp: 2023-09-20 03:00:00) | League: europe_champions-league | Season: 2023-2024
Venue: Estadi Olímpic Lluís Companys (Barcelona) (cap: 54 367) | Attendance: 40 989
Referee:  (Rou)
Jersey colors: Barcelona: blue and red | Antwerp: light blue
Formations: Barcelona 4 - 3 - 3 | Antwerp 4 - 2 - 3 - 1
Coach (Barcelona): Xavi
Coach (Antwerp): Mark van Bommel
Missing (Barcelona): Ronald Araujo, Pedri
Missing (Antwerp): Kobe Corbanie, Bjorn Engels, Davino Verhulst, Sam Vines

--- Barcelona Starting XI ---
  #3 Alejandro Balde | Defender | Spain | 20, (18.10.2003)
  #2 Joao Cancelo | Defender | Portugal | 29, (27.05.1994)
  #15 Andreas Christensen | Defender | Denmark | 27, (10.04.1996)
  #21 Frenkie de Jong | Midfielder | Netherlands | 26, (12.05.1997)
  #6 Gavi | Midfielder | Spain | 19, (05.08.2004)
  #22 Ilkay Gundogan | Midfielder | Germany | 33, (24.10.1990)
  #14 Joao Felix | Forward | Portugal | 24, (10.11.1999)
  #23 Jules Kounde | Defender | France | 25, (12.11.1998)
  #9 Robert Lewandowski | Forward | Poland | 35, (21.08.1988)
  #11 Raphinha | Forward | Brazil | 27, (14.12.1996)
  #1 Marc-Andre ter Stegen (C) (GK) | Goalkeeper | Germany | 31, (30.04.1992)
  Substituted in: #32 Fermin Lopez, #20 Sergi Roberto, #18 Oriol Romeu, #7 Ferran Torres, #27 Lamine Yamal
  Bench: #17 Marcos Alonso, #26 Ander Astralaga, #30 Marc Casado, #5 Inigo Martinez, #13 Inaki Pena

--- Antwerp Starting XI ---
  #23 Toby Alderweireld (C) | Defender | Belgium | 34, (02.03.1989)
  #10 Michel-Ange Balikwisha | Forward | Belgium | 22, (10.05.2001)
  #34 Jelle Bataille | Midfielder | Belgium | 24, (20.05.1999)
  #1 Jean Butez (GK) | Goalkeeper | France | 28, (08.06.1995)
  #44 Soumaila Coulibaly | Defender | France | 20, (14.10.2003)
  #24 Jurgen Ekkelenkamp | Midfielder | Netherlands | 23, (05.04.2000)
  #18 Vincent Janssen | Forward | Netherlands | 29, (15.06.1994)
  #27 Mandela Keita | Midfielder | Belgium | 21, (10.05.2002)
  #11 Arbnor Muja | Forward | Albania | 25, (29.11.1998)
  #48 Vermeeren A. |  | 
  #5 Owen Wijndal | Defender | Netherlands | 24, (28.11.1999)
  Substituted in: #2 Ritchie De Laet, #9 George Ilenikhena, #7 Gyrano Kerk, #55 Anthony Valencia, #8 Alhassan Yusuf
  Bench: #26 Ortwin De Wolf, #19 Chidera Ejuke, #91 Senne Lammens, #33 Zeno Van Den Bosch

========================================================================================
time: 2026-05-25 09:16:54
request_id: abe0084c-5075-469f-9b00-80c7f8647e69
question_id: 1779675407690
stage: inter_reflect_after_11
summary: Inter-subtask reflection (next: #2)
----------------------------------------------------------------------------------------
<evaluation>
The `game_detail` task returned match metadata (lineups, venue, coaches) but did NOT include the goal-scoring events or a timeline of goals. The user's question "ai đã ghi bàn" (who scored) requires specific goal data which is missing from the accumulated evidence. The next planned task (`reasoning`) expects to synthesize goal data that was never retrieved.
</evaluation>

<decision>INSERT</decision>
<new_task>
role: match researcher
objective: Barcelona 5 - 0 Antwerp 2023-09-19
focus: goal scorers, minute of each goal, assist providers
type: game_search
media: none
</new_task>

========================================================================================
time: 2026-05-25 09:16:54
request_id: abe0084c-5075-469f-9b00-80c7f8647e69
question_id: 1779675407690
stage: game_search_12
summary: Search: Barcelona 5 - 0 Antwerp 2023-09-19 | Found: 1 games
----------------------------------------------------------------------------------------
=== GAME SEARCH: Found 1 matching game(s) ===
  Game #1: Barcelona 5 - 0 Antwerp | Date: 2023-09-19 | League: europe_champions-league | Season: 2023-2024 | Venue: Estadi Olímpic Lluís Companys (Barcelona)

To get detailed information, use game_detail with:
  - objective: the game number (e.g. '1' or '3')
  - focus: what to retrieve (lineup / goals / commentary / info / all)

========================================================================================
time: 2026-05-25 09:16:54
request_id: abe0084c-5075-469f-9b00-80c7f8647e69
question_id: 1779675407690
stage: subtask_d1_12
summary: Barcelona 5 - 0 Antwerp 2023-09-19
----------------------------------------------------------------------------------------
=== GAME SEARCH: Found 1 matching game(s) ===
  Game #1: Barcelona 5 - 0 Antwerp | Date: 2023-09-19 | League: europe_champions-league | Season: 2023-2024 | Venue: Estadi Olímpic Lluís Companys (Barcelona)

To get detailed information, use game_detail with:
  - objective: the game number (e.g. '1' or '3')
  - focus: what to retrieve (lineup / goals / commentary / info / all)

========================================================================================
time: 2026-05-25 09:16:54
request_id: abe0084c-5075-469f-9b00-80c7f8647e69
question_id: 1779675407690
stage: game_detail_121
summary: Detail: Game #1 (Barcelona vs Antwerp) | Focus: goals
----------------------------------------------------------------------------------------
=== MATCH: Barcelona 5 - 0 Antwerp ===
Date: 2023-09-19 (timestamp: 2023-09-20 03:00:00) | League: europe_champions-league | Season: 2023-2024
Venue: Estadi Olímpic Lluís Companys (Barcelona) (cap: 54 367) | Attendance: 40 989
Referee:  (Rou)
Jersey colors: Barcelona: blue and red | Antwerp: light blue

--- Match Commentary (13/80 events) ---
  H0 [statistics and summary] The starting XIs were already announced and you can go through them in the Lineups section.
  H0 [statistics and summary] Radu Marian Petrescu will supervise the game today.
  H1 10:37 [goal] Joao Felix (Barcelona) picks up the ball on the edge of the penalty box and produces a moment of magic with a brilliant shot that goes into the left side of the goal!
  H1 18:30 [goal] Robert Lewandowski (Barcelona) meets a perfect cross from Joao Felix deep inside the box, and he produces an accurate strike which goes into the bottom right corner. He makes it 2:0.
  H1 19:40 [goal] Radu Marian Petrescu sticks with his original decision after the VAR review. No infringement and the goal stands!
  H1 21:47 [goal] It's an own goal! A pitiful moment for Jelle Bataille (Antwerp), who tries to clear a cross into the six-yard box but instead sends the ball behind his own keeper. The score is 3:0.
  H1 25:50 [statistics and summary] Corner kicks – 2:1.
  H1 45:59 [end of half game] Radu Marian Petrescu blows his whistle to signal the end of the first-half action.
  H2 00:50 [statistics and summary] The attendance is 40989.
  H2 07:56 [goal] Goal! Gavi (Barcelona) was in the right place at the right time to get to the rebound inside the box and gleefully rifles the ball into the left side of the goal. It's 4:0.
  H2 20:34 [goal] Goal! Joao Felix (Barcelona) makes the score 5:0 after burying a close-range header in the bottom left corner after a good run and cross by Raphinha.
  H2 25:20 [statistics and summary] The current number of shots on goal is 7:1.
  H2 47:51 [end of half game] The referee blows his whistle for the final time to end this match.

========================================================================================
time: 2026-05-25 09:16:54
request_id: abe0084c-5075-469f-9b00-80c7f8647e69
question_id: 1779675407690
stage: subtask_d1_121
summary: task12:auto
----------------------------------------------------------------------------------------
=== MATCH: Barcelona 5 - 0 Antwerp ===
Date: 2023-09-19 (timestamp: 2023-09-20 03:00:00) | League: europe_champions-league | Season: 2023-2024
Venue: Estadi Olímpic Lluís Companys (Barcelona) (cap: 54 367) | Attendance: 40 989
Referee:  (Rou)
Jersey colors: Barcelona: blue and red | Antwerp: light blue

--- Match Commentary (13/80 events) ---
  H0 [statistics and summary] The starting XIs were already announced and you can go through them in the Lineups section.
  H0 [statistics and summary] Radu Marian Petrescu will supervise the game today.
  H1 10:37 [goal] Joao Felix (Barcelona) picks up the ball on the edge of the penalty box and produces a moment of magic with a brilliant shot that goes into the left side of the goal!
  H1 18:30 [goal] Robert Lewandowski (Barcelona) meets a perfect cross from Joao Felix deep inside the box, and he produces an accurate strike which goes into the bottom right corner. He makes it 2:0.
  H1 19:40 [goal] Radu Marian Petrescu sticks with his original decision after the VAR review. No infringement and the goal stands!
  H1 21:47 [goal] It's an own goal! A pitiful moment for Jelle Bataille (Antwerp), who tries to clear a cross into the six-yard box but instead sends the ball behind his own keeper. The score is 3:0.
  H1 25:50 [statistics and summary] Corner kicks – 2:1.
  H1 45:59 [end of half game] Radu Marian Petrescu blows his whistle to signal the end of the first-half action.
  H2 00:50 [statistics and summary] The attendance is 40989.
  H2 07:56 [goal] Goal! Gavi (Barcelona) was in the right place at the right time to get to the rebound inside the box and gleefully rifles the ball into the left side of the goal. It's 4:0.
  H2 20:34 [goal] Goal! Joao Felix (Barcelona) makes the score 5:0 after burying a close-range header in the bottom left corner after a good run and cross by Raphinha.
  H2 25:20 [statistics and summary] The current number of shots on goal is 7:1.
  H2 47:51 [end of half game] The referee blows his whistle for the final time to end this match.

========================================================================================
time: 2026-05-25 09:16:56
request_id: abe0084c-5075-469f-9b00-80c7f8647e69
question_id: 1779675407690
stage: inter_reflect_after_121
summary: Inter-subtask reflection (next: #2)
----------------------------------------------------------------------------------------
<evaluation>
The just-completed `game_detail` task (Task #121) successfully retrieved the match commentary containing all goal events. The accumulated evidence clearly lists the scorers: João Félix, Robert Lewandowski, Jelle Bataille (own goal), Gavi, and João Félix again. This is sufficient information to answer the user's question "trận này ai đã ghi bàn" (who scored in this match). The next planned task is `reasoning`, which is designed to synthesize this data into a natural language response in Vietnamese. The plan is on track and no adaptation is needed.
</evaluation>

<decision>CONTINUE</decision>

========================================================================================
time: 2026-05-25 09:17:09
request_id: abe0084c-5075-469f-9b00-80c7f8647e69
question_id: 1779675407690
stage: think_d1
summary: decision=DIRECT subtasks=0
----------------------------------------------------------------------------------------
<analysis>
DOMAIN: SOCCER
The user is asking "ai đã ghi bàn" (who scored goals) for the match between Barcelona and Antwerp in the UEFA Champions League on September 20, 2023. This is a text-only knowledge question about specific match events (goalscorers). Since there is no media provided and this requires factual data from a specific game, I must use the `game_search` tool to retrieve the match details, specifically focusing on the "goals" section. After retrieving the list of scorers, I will use a `reasoning` task to synthesize the information into a natural language answer in Vietnamese.

--- Analysis #1: Search for the match between Barcelona and Antwerp in the UEFA Champions League on 2023-09-20 to find the goal scorers. ---
=== GAME SEARCH: Found 1 matching game(s) ===
  Game #1: Barcelona 5 - 0 Antwerp | Date: 2023-09-19 | League: europe_champions-league | Season: 2023-2024 | Venue: Estadi Olímpic Lluís Companys (Barcelona)

To get detailed information, use game_detail with:
  - objective: the game number (e.g. '1' or '3')
  - focus: what to retrieve (lineup / goals / commentary / info / all)

--- Analysis #11: task1:auto ---
=== MATCH: Barcelona 5 - 0 Antwerp ===
Date: 2023-09-19 (timestamp: 2023-09-20 03:00:00) | League: europe_champions-league | Season: 2023-2024
Venue: Estadi Olímpic Lluís Companys (Barcelona) (cap: 54 367) | Attendance: 40 989
Referee:  (Rou)
Jersey colors: Barcelona: blue and red | Antwerp: light blue
Formations: Barcelona 4 - 3 - 3 | Antwerp 4 - 2 - 3 - 1
Coach (Barcelona): Xavi
Coach (Antwerp): Mark van Bommel
Missing (Barcelona): Ronald Araujo, Pedri
Missing (Antwerp): Kobe Corbanie, Bjorn Engels, Davino Verhulst, Sam Vines

--- Barcelona Starting XI ---
  #3 Alejandro Balde | Defender | Spain | 20, (18.10.2003)
  #2 Joao Cancelo | Defender | Portugal | 29, (27.05.1994)
  #15 Andreas Christensen | Defender | Denmark | 27, (10.04.1996)
  #21 Frenkie de Jong | Midfielder | Netherlands | 26, (12.05.1997)
  #6 Gavi | Midfielder | Spain | 19, (05.08.2004)
  #22 Ilkay Gundogan | Midfielder | Germany | 33, (24.10.1990)
  #14 Joao Felix | Forward | Portugal | 24, (10.11.1999)
  #23 Jules Kounde | Defender | France | 25, (12.11.1998)
  #9 Robert Lewandowski | Forward | Poland | 35, (21.08.1988)
  #11 Raphinha | Forward | Brazil | 27, (14.12.1996)
  #1 Marc-Andre ter Stegen (C) (GK) | Goalkeeper | Germany | 31, (30.04.1992)
  Substituted in: #32 Fermin Lopez, #20 Sergi Roberto, #18 Oriol Romeu, #7 Ferran Torres, #27 Lamine Yamal
  Bench: #17 Marcos Alonso, #26 Ander Astralaga, #30 Marc Casado, #5 Inigo Martinez, #13 Inaki Pena

--- Antwerp Starting XI ---
  #23 Toby Alderweireld (C) | Defender | Belgium | 34, (02.03.1989)
  #10 Michel-Ange Balikwisha | Forward | Belgium | 22, (10.05.2001)
  #3

========================================================================================
time: 2026-05-25 09:17:12
request_id: abe0084c-5075-469f-9b00-80c7f8647e69
question_id: 1779675407690
stage: subtask_d1_2
summary: Synthesize the retrieved goal-scoring data into a clear, natural language respon
----------------------------------------------------------------------------------------
Trong trận đấu giữa Barcelona và Antwerp tại UEFA Champions League ngày 19/09/2023, các cầu thủ ghi bàn cho Barcelona như sau:

*   **Joao Felix** (phút 10'): Đánh đầu từ cự ly xa vào góc trái.
*   **Robert Lewandowski** (phút 18'): Sút bóng chính xác vào góc dưới phải sau đường chuyền từ Joao Felix.
*   **Jelle Bataille** (Antwerp) (phút 21'): Tự làm lưới ( Own goal ) khi cố gắng tạt bóng ra ngoài khung thành đội nhà.
*   **Gavi** (phút 7'): Sút trúng rebound vào bên trái.
*   **Joao Felix** (phút 20'): Đá header từ cự ly gần sau đường chạy và tạt bóng của Raphinha để khép lại tỷ số 5-0.

========================================================================================
time: 2026-05-25 09:17:15
request_id: abe0084c-5075-469f-9b00-80c7f8647e69
question_id: 1779675407690
stage: synthesize_d0
summary: SYNTHESIZE
----------------------------------------------------------------------------------------
Trong trận đấu giữa Barcelona và Antwerp tại UEFA Champions League ngày 19/09/2023, các cầu thủ ghi bàn cho Barcelona là:

*   **Joao Felix** (phút 10'): Sút đẹp từ cự ly xa vào góc trái.
*   **Robert Lewandowski** (phút 18'): Sút chính xác vào góc dưới phải sau đường chuyền từ Joao Felix.
*   **Gavi** (phút 7'): Sút trúng quả phản lưới nhà (rebound) vào bên trái.
*   **Joao Felix** (phút 20'): Đánh đầu thành công từ cự ly gần sau đường tạt bóng của Raphinha để khép lại tỷ số 5-0.

Ngoài ra, còn có một bàn thắng do **Jelle Bataille** (cầu thủ của đội Antwerp) tự làm lưới ở phút thứ 21'.

========================================================================================
time: 2026-05-25 09:17:15
request_id: abe0084c-5075-469f-9b00-80c7f8647e69
question_id: 1779675407690
stage: final_answer
summary: Final answer returned to the web UI.
----------------------------------------------------------------------------------------
Trong trận đấu giữa Barcelona và Antwerp tại UEFA Champions League ngày 19/09/2023, các cầu thủ ghi bàn cho Barcelona là:

*   **Joao Felix** (phút 10'): Sút đẹp từ cự ly xa vào góc trái.
*   **Robert Lewandowski** (phút 18'): Sút chính xác vào góc dưới phải sau đường chuyền từ Joao Felix.
*   **Gavi** (phút 7'): Sút trúng quả phản lưới nhà (rebound) vào bên trái.
*   **Joao Felix** (phút 20'): Đánh đầu thành công từ cự ly gần sau đường tạt bóng của Raphinha để khép lại tỷ số 5-0.

Ngoài ra, còn có một bàn thắng do **Jelle Bataille** (cầu thủ của đội Antwerp) tự làm lưới ở phút thứ 21'.

# AgentSoccer log ready at 2026-05-25 09:24:53

========================================================================================
time: 2026-05-25 09:25:06
request_id: 50f8796c-2dfe-492f-8ba0-c7f108da5892
question_id: 0
stage: request_received
summary: Incoming web chat request via json.
----------------------------------------------------------------------------------------
message:
xin chào

packet:
{
  "route": "match-detail",
  "userMessage": "xin chào",
  "activeContext": null,
  "match": {
    "id": "uefa-champions-league-2023-09-20-03-00-00-barcelona-antwerp",
    "title": "Barcelona 5 - 0 Antwerp",
    "league": "UEFA Champions League",
    "season": "2023-2024",
    "status": "Final",
    "time": "03:00, 20/09/2023",
    "teams": [
      "Barcelona",
      "Antwerp"
    ],
    "score": "5 - 0",
    "stats": {
      "possession": [
        50,
        50
      ],
      "shots": [
        0,
        0
      ],
      "xg": [
        0,
        0
      ]
    },
    "summary": "Not found.",
    "source": "dataset/raw/europe_champions-league_2023-2024/2023-09-19_fc-barcelona-royal-antwerp/2023-09-20_Barcelona_5-0_Antwerp_G067uJ1M.json"
  },
  "media": {
    "currentMinute": 0,
    "nearbyEvents": [
      {
        "minute": "10'",
        "minuteVal": 10,
        "text": "Joao Felix (Barcelona) picks up the ball on the edge of the penalty box and produces a moment of magic with a brilliant shot that goes into the left side of the goal!"
      }
    ],
    "retrievalWindowSeconds": 180
  },
  "memoryPolicy": {
    "keepLastTurns": 6,
    "summarizeOlderTurns": true,
    "retrieveBy": [
      "match_id",
      "team",
      "player",
      "minute",
      "topic"
    ]
  }
}

========================================================================================
time: 2026-05-25 09:25:13
request_id: 50f8796c-2dfe-492f-8ba0-c7f108da5892
question_id: 1779675906251
stage: think_d0
summary: decision=DIRECT subtasks=0
----------------------------------------------------------------------------------------
<analysis>
DOMAIN: SOCCER
The user is greeting me in Vietnamese ("xin chào" means "hello"). This is a conversational opener, not a specific football question. However, the context is a football match (Barcelona vs Antwerp). I should acknowledge the greeting and offer assistance related to the match or general football topics. Since there is no specific question to answer yet, I don't need to decompose into sub-tasks for analysis. I will respond naturally in Vietnamese.
</analysis>

<decision>DIRECT</decision>

<reason>The input is a simple greeting ("xin chào") without a specific question about the match or player details. No tool usage or decomposition is required at this stage; a natural language response acknowledging the greeting and offering help is appropriate.</reason>

========================================================================================
time: 2026-05-25 09:25:19
request_id: 50f8796c-2dfe-492f-8ba0-c7f108da5892
question_id: 1779675906251
stage: final_answer
summary: Final answer returned to the web UI.
----------------------------------------------------------------------------------------
Chào bạn, đây là kết quả của trận đấu giữa Barcelona và Antwerp trong khuôn khổ UEFA Champions League mùa giải 2023-2024. Kết thúc trận đấu với tỷ số đậm đà **5 - 0** nghiêng hoàn toàn về phía Barcelona.

Dựa trên dữ liệu có sẵn, chúng ta biết được rằng vào phút thứ 10, João Felix đã có một pha lập công ấn tượng từ bên ngoài vòng cấm địa, đưa bóng đi qua cột dọc trái để ghi bàn cho đội chủ nhà. Tuy nhiên, thông tin chi tiết về các bàn thắng còn lại và diễn biến cụ thể của cả trận đấu hiện chưa có trong hồ sơ này. Nếu bạn cần phân tích sâu hơn về chiến thuật hay thống kê chi tiết khác, hãy cho tôi biết nhé!

========================================================================================
time: 2026-05-25 09:25:47
request_id: 2b52b8ab-89c0-4572-bf32-c801b9acfd11
question_id: 0
stage: request_received
summary: Incoming web chat request via json.
----------------------------------------------------------------------------------------
message:
xin chào

packet:
{
  "route": "match-detail",
  "userMessage": "xin chào",
  "activeContext": null,
  "match": {
    "id": "uefa-champions-league-2023-09-20-03-00-00-barcelona-antwerp",
    "title": "Barcelona 5 - 0 Antwerp",
    "league": "UEFA Champions League",
    "season": "2023-2024",
    "status": "Final",
    "time": "03:00, 20/09/2023",
    "teams": [
      "Barcelona",
      "Antwerp"
    ],
    "score": "5 - 0",
    "stats": {
      "possession": [
        50,
        50
      ],
      "shots": [
        0,
        0
      ],
      "xg": [
        0,
        0
      ]
    },
    "summary": "Not found.",
    "source": "dataset/raw/europe_champions-league_2023-2024/2023-09-19_fc-barcelona-royal-antwerp/2023-09-20_Barcelona_5-0_Antwerp_G067uJ1M.json"
  },
  "media": {
    "currentMinute": 0,
    "nearbyEvents": [
      {
        "minute": "10'",
        "minuteVal": 10,
        "text": "Joao Felix (Barcelona) picks up the ball on the edge of the penalty box and produces a moment of magic with a brilliant shot that goes into the left side of the goal!"
      }
    ],
    "retrievalWindowSeconds": 180
  },
  "memoryPolicy": {
    "keepLastTurns": 6,
    "summarizeOlderTurns": true,
    "retrieveBy": [
      "match_id",
      "team",
      "player",
      "minute",
      "topic"
    ]
  }
}

========================================================================================
time: 2026-05-25 09:25:54
request_id: 2b52b8ab-89c0-4572-bf32-c801b9acfd11
question_id: 1779675947430
stage: think_d0
summary: decision=DIRECT subtasks=0
----------------------------------------------------------------------------------------
<analysis>
DOMAIN: SOCCER
The user is greeting me in Vietnamese ("xin chào" means "hello"). This is a conversational opener, not a specific football question. However, the context is a football match (Barcelona vs Antwerp). I should acknowledge the greeting and offer assistance related to the match or general football topics. Since there is no specific question to answer yet, I don't need to decompose into sub-tasks for analysis. I will respond naturally in Vietnamese.
</analysis>

<decision>DIRECT</decision>

<reason>The input is a simple greeting ("xin chào") without a specific question about the match or player details. No tool usage or decomposition is required at this stage; a natural language response acknowledging the greeting and offering help is appropriate.</reason>

========================================================================================
time: 2026-05-25 09:26:00
request_id: 2b52b8ab-89c0-4572-bf32-c801b9acfd11
question_id: 1779675947430
stage: final_answer
summary: Final answer returned to the web UI.
----------------------------------------------------------------------------------------
Chào bạn, đây là kết quả của trận đấu giữa Barcelona và Antwerp trong khuôn khổ UEFA Champions League mùa giải 2023-2024. Kết thúc trận đấu với tỷ số đậm đà **5 - 0** nghiêng hoàn toàn về phía Barcelona.

Dựa trên dữ liệu có sẵn, chúng ta biết được rằng vào phút thứ 10, João Felix đã có một pha lập công ấn tượng từ bên ngoài vòng cấm địa, đưa bóng đi qua cột dọc trái để ghi bàn cho đội chủ nhà. Tuy nhiên, thông tin chi tiết về các bàn thắng còn lại và diễn biến cụ thể của cả trận đấu hiện chưa có trong hồ sơ này. Nếu bạn cần phân tích sâu hơn về chiến thuật hay thống kê chi tiết khác, hãy cho tôi biết nhé!

========================================================================================
time: 2026-05-25 09:27:23
request_id: 655bfbd3-812c-4cc1-81ae-abefee1cc4b0
question_id: 0
stage: request_received
summary: Incoming web chat request via json.
----------------------------------------------------------------------------------------
message:
xin chào

packet:
{
  "route": "match-detail",
  "userMessage": "xin chào",
  "activeContext": null,
  "match": {
    "id": "uefa-champions-league-2023-09-20-03-00-00-barcelona-antwerp",
    "title": "Barcelona 5 - 0 Antwerp",
    "league": "UEFA Champions League",
    "season": "2023-2024",
    "status": "Final",
    "time": "03:00, 20/09/2023",
    "teams": [
      "Barcelona",
      "Antwerp"
    ],
    "score": "5 - 0",
    "stats": {
      "possession": [
        50,
        50
      ],
      "shots": [
        0,
        0
      ],
      "xg": [
        0,
        0
      ]
    },
    "summary": "Not found.",
    "source": "dataset/raw/europe_champions-league_2023-2024/2023-09-19_fc-barcelona-royal-antwerp/2023-09-20_Barcelona_5-0_Antwerp_G067uJ1M.json"
  },
  "media": {
    "currentMinute": 0,
    "nearbyEvents": [
      {
        "minute": "10'",
        "minuteVal": 10,
        "text": "Joao Felix (Barcelona) picks up the ball on the edge of the penalty box and produces a moment of magic with a brilliant shot that goes into the left side of the goal!"
      }
    ],
    "retrievalWindowSeconds": 180
  },
  "memoryPolicy": {
    "keepLastTurns": 6,
    "summarizeOlderTurns": true,
    "retrieveBy": [
      "match_id",
      "team",
      "player",
      "minute",
      "topic"
    ]
  }
}

========================================================================================
time: 2026-05-25 09:27:25
request_id: 655bfbd3-812c-4cc1-81ae-abefee1cc4b0
question_id: 1779676043166
stage: think_d0
summary: decision=DIRECT subtasks=0
----------------------------------------------------------------------------------------
<analysis>
DOMAIN: SOCCER
The user is greeting me in Vietnamese ("xin chào" means "hello"). This is a conversational opener, not a specific football question. However, the context is a football match (Barcelona vs Antwerp). I should acknowledge the greeting and offer assistance related to the match or general football topics. Since there is no specific question to answer yet, I don't need to decompose into sub-tasks for analysis. I will respond naturally in Vietnamese.
</analysis>

<decision>DIRECT</decision>

<reason>The input is a simple greeting ("xin chào") without a specific question about the match or player details. No tool usage or decomposition is required at this stage; a natural language response acknowledging the greeting and offering help is appropriate.</reason>

========================================================================================
time: 2026-05-25 09:27:27
request_id: 655bfbd3-812c-4cc1-81ae-abefee1cc4b0
question_id: 1779676043166
stage: final_answer
summary: Final answer returned to the web UI.
----------------------------------------------------------------------------------------
Chào bạn, đây là kết quả của trận đấu giữa Barcelona và Antwerp trong khuôn khổ UEFA Champions League mùa giải 2023-2024. Kết thúc trận đấu với tỷ số đậm đà **5 - 0** nghiêng hoàn toàn về phía Barcelona.

Dựa trên dữ liệu có sẵn, chúng ta biết được rằng vào phút thứ 10, João Felix đã có một pha lập công ấn tượng từ bên ngoài vòng cấm địa, đưa bóng đi qua cột dọc trái để ghi bàn cho đội chủ nhà. Tuy nhiên, thông tin chi tiết về các bàn thắng còn lại và diễn biến cụ thể của cả trận đấu hiện chưa có trong hồ sơ này. Nếu bạn cần phân tích sâu hơn về chiến thuật hay thống kê chi tiết khác, hãy cho tôi biết nhé!

========================================================================================
time: 2026-05-25 09:28:06
request_id: 16693a7f-965e-4f58-8f5c-61ba3066be24
question_id: 0
stage: request_received
summary: Incoming web chat request via json.
----------------------------------------------------------------------------------------
message:
xin chào

packet:
{
  "route": "match-detail",
  "userMessage": "xin chào",
  "activeContext": null,
  "match": {
    "id": "uefa-champions-league-2023-09-20-03-00-00-barcelona-antwerp",
    "title": "Barcelona 5 - 0 Antwerp",
    "league": "UEFA Champions League",
    "season": "2023-2024",
    "status": "Final",
    "time": "03:00, 20/09/2023",
    "teams": [
      "Barcelona",
      "Antwerp"
    ],
    "score": "5 - 0",
    "stats": {
      "possession": [
        50,
        50
      ],
      "shots": [
        0,
        0
      ],
      "xg": [
        0,
        0
      ]
    },
    "summary": "Not found.",
    "source": "dataset/raw/europe_champions-league_2023-2024/2023-09-19_fc-barcelona-royal-antwerp/2023-09-20_Barcelona_5-0_Antwerp_G067uJ1M.json"
  },
  "media": {
    "currentMinute": 0,
    "nearbyEvents": [
      {
        "minute": "10'",
        "minuteVal": 10,
        "text": "Joao Felix (Barcelona) picks up the ball on the edge of the penalty box and produces a moment of magic with a brilliant shot that goes into the left side of the goal!"
      }
    ],
    "retrievalWindowSeconds": 180
  },
  "memoryPolicy": {
    "keepLastTurns": 6,
    "summarizeOlderTurns": true,
    "retrieveBy": [
      "match_id",
      "team",
      "player",
      "minute",
      "topic"
    ]
  }
}

========================================================================================
time: 2026-05-25 09:28:09
request_id: 16693a7f-965e-4f58-8f5c-61ba3066be24
question_id: 1779676086259
stage: think_d0
summary: decision=DIRECT subtasks=0
----------------------------------------------------------------------------------------
<analysis>
DOMAIN: SOCCER
The user is greeting me in Vietnamese ("xin chào" means "hello"). This is a conversational opener, not a specific football question. However, the context is a football match (Barcelona vs Antwerp). I should acknowledge the greeting and offer assistance related to the match or general football topics. Since there is no specific question to answer yet, I don't need to decompose into sub-tasks for analysis. I will respond naturally in Vietnamese.
</analysis>

<decision>DIRECT</decision>

<reason>The input is a simple greeting ("xin chào") without a specific question about the match or player details. No tool usage or decomposition is required at this stage; a natural language response acknowledging the greeting and offering help is appropriate.</reason>

========================================================================================
time: 2026-05-25 09:28:11
request_id: 16693a7f-965e-4f58-8f5c-61ba3066be24
question_id: 1779676086259
stage: final_answer
summary: Final answer returned to the web UI.
----------------------------------------------------------------------------------------
Chào bạn, đây là kết quả của trận đấu giữa Barcelona và Antwerp trong khuôn khổ UEFA Champions League mùa giải 2023-2024. Kết thúc trận đấu với tỷ số đậm đà **5 - 0** nghiêng hoàn toàn về phía Barcelona.

Dựa trên dữ liệu có sẵn, chúng ta biết được rằng vào phút thứ 10, João Felix đã có một pha lập công ấn tượng từ bên ngoài vòng cấm địa, đưa bóng đi qua cột dọc trái để ghi bàn cho đội chủ nhà. Tuy nhiên, thông tin chi tiết về các bàn thắng còn lại và diễn biến cụ thể của cả trận đấu hiện chưa có trong hồ sơ này. Nếu bạn cần phân tích sâu hơn về chiến thuật hay thống kê chi tiết khác, hãy cho tôi biết nhé!

========================================================================================
time: 2026-05-25 09:30:06
request_id: 8da0d3f8-5652-426a-a691-d44a110e8523
question_id: 0
stage: request_received
summary: Incoming web chat request via json.
----------------------------------------------------------------------------------------
message:
xin chào

packet:
{
  "route": "match-detail",
  "userMessage": "xin chào",
  "activeContext": null,
  "match": {
    "id": "uefa-champions-league-2023-09-20-03-00-00-barcelona-antwerp",
    "title": "Barcelona 5 - 0 Antwerp",
    "league": "UEFA Champions League",
    "season": "2023-2024",
    "status": "Final",
    "time": "03:00, 20/09/2023",
    "teams": [
      "Barcelona",
      "Antwerp"
    ],
    "score": "5 - 0",
    "stats": {
      "possession": [
        50,
        50
      ],
      "shots": [
        0,
        0
      ],
      "xg": [
        0,
        0
      ]
    },
    "summary": "Not found.",
    "source": "dataset/raw/europe_champions-league_2023-2024/2023-09-19_fc-barcelona-royal-antwerp/2023-09-20_Barcelona_5-0_Antwerp_G067uJ1M.json"
  },
  "media": {
    "currentMinute": 0,
    "nearbyEvents": [
      {
        "minute": "10'",
        "minuteVal": 10,
        "text": "Joao Felix (Barcelona) picks up the ball on the edge of the penalty box and produces a moment of magic with a brilliant shot that goes into the left side of the goal!"
      }
    ],
    "retrievalWindowSeconds": 180
  },
  "memoryPolicy": {
    "keepLastTurns": 6,
    "summarizeOlderTurns": true,
    "retrieveBy": [
      "match_id",
      "team",
      "player",
      "minute",
      "topic"
    ]
  }
}

========================================================================================
time: 2026-05-25 09:30:09
request_id: 8da0d3f8-5652-426a-a691-d44a110e8523
question_id: 1779676206244
stage: think_d0
summary: decision=DIRECT subtasks=0
----------------------------------------------------------------------------------------
<analysis>
DOMAIN: SOCCER
The user is greeting me in Vietnamese ("xin chào" means "hello"). This is a conversational opener, not a specific football question. However, the context is a football match (Barcelona vs Antwerp). I should acknowledge the greeting and offer assistance related to the match or general football topics. Since there is no specific question to answer yet, I don't need to decompose into sub-tasks for analysis. I will respond naturally in Vietnamese.
</analysis>

<decision>DIRECT</decision>

<reason>The input is a simple greeting ("xin chào") without a specific question about the match or player details. No tool usage or decomposition is required at this stage; a natural language response acknowledging the greeting and offering help is appropriate.</reason>

========================================================================================
time: 2026-05-25 09:30:11
request_id: 8da0d3f8-5652-426a-a691-d44a110e8523
question_id: 1779676206244
stage: final_answer
summary: Final answer returned to the web UI.
----------------------------------------------------------------------------------------
Chào bạn, đây là kết quả của trận đấu giữa Barcelona và Antwerp trong khuôn khổ UEFA Champions League mùa giải 2023-2024. Kết thúc trận đấu với tỷ số đậm đà **5 - 0** nghiêng hoàn toàn về phía Barcelona.

Dựa trên dữ liệu có sẵn, chúng ta biết được rằng vào phút thứ 10, João Felix đã có một pha lập công ấn tượng từ bên ngoài vòng cấm địa, đưa bóng đi qua cột dọc trái để ghi bàn cho đội chủ nhà. Tuy nhiên, thông tin chi tiết về các bàn thắng còn lại và diễn biến cụ thể của cả trận đấu hiện chưa có trong hồ sơ này. Nếu bạn cần phân tích sâu hơn về chiến thuật hay thống kê chi tiết khác, hãy cho tôi biết nhé!

========================================================================================
time: 2026-05-25 09:30:39
request_id: 15842788-9d44-4f4a-a666-8d7b86af0cac
question_id: 0
stage: request_received
summary: Incoming web chat request via json.
----------------------------------------------------------------------------------------
message:
xin chào

packet:
{
  "route": "match-detail",
  "userMessage": "xin chào",
  "activeContext": null,
  "match": {
    "id": "uefa-champions-league-2023-09-20-03-00-00-barcelona-antwerp",
    "title": "Barcelona 5 - 0 Antwerp",
    "league": "UEFA Champions League",
    "season": "2023-2024",
    "status": "Final",
    "time": "03:00, 20/09/2023",
    "teams": [
      "Barcelona",
      "Antwerp"
    ],
    "score": "5 - 0",
    "stats": {
      "possession": [
        50,
        50
      ],
      "shots": [
        0,
        0
      ],
      "xg": [
        0,
        0
      ]
    },
    "summary": "Not found.",
    "source": "dataset/raw/europe_champions-league_2023-2024/2023-09-19_fc-barcelona-royal-antwerp/2023-09-20_Barcelona_5-0_Antwerp_G067uJ1M.json"
  },
  "media": {
    "currentMinute": 0,
    "nearbyEvents": [
      {
        "minute": "10'",
        "minuteVal": 10,
        "text": "Joao Felix (Barcelona) picks up the ball on the edge of the penalty box and produces a moment of magic with a brilliant shot that goes into the left side of the goal!"
      }
    ],
    "retrievalWindowSeconds": 180
  },
  "memoryPolicy": {
    "keepLastTurns": 6,
    "summarizeOlderTurns": true,
    "retrieveBy": [
      "match_id",
      "team",
      "player",
      "minute",
      "topic"
    ]
  }
}

========================================================================================
time: 2026-05-25 09:30:42
request_id: 15842788-9d44-4f4a-a666-8d7b86af0cac
question_id: 1779676239983
stage: think_d0
summary: decision=DIRECT subtasks=0
----------------------------------------------------------------------------------------
<analysis>
DOMAIN: SOCCER
The user is greeting me in Vietnamese ("xin chào" means "hello"). This is a conversational opener, not a specific football question. However, the context is a football match (Barcelona vs Antwerp). I should acknowledge the greeting and offer assistance related to the match or general football topics. Since there is no specific question to answer yet, I don't need to decompose into sub-tasks for analysis. I will respond naturally in Vietnamese.
</analysis>

<decision>DIRECT</decision>

<reason>The input is a simple greeting ("xin chào") without a specific question about the match or player details. No tool usage or decomposition is required at this stage; a natural language response acknowledging the greeting and offering help is appropriate.</reason>

========================================================================================
time: 2026-05-25 09:30:44
request_id: 15842788-9d44-4f4a-a666-8d7b86af0cac
question_id: 1779676239983
stage: final_answer
summary: Final answer returned to the web UI.
----------------------------------------------------------------------------------------
Chào bạn, đây là kết quả của trận đấu giữa Barcelona và Antwerp trong khuôn khổ UEFA Champions League mùa giải 2023-2024. Kết thúc trận đấu với tỷ số đậm đà **5 - 0** nghiêng hoàn toàn về phía Barcelona.

Dựa trên dữ liệu có sẵn, chúng ta biết được rằng vào phút thứ 10, João Felix đã có một pha lập công ấn tượng từ bên ngoài vòng cấm địa, đưa bóng đi qua cột dọc trái để ghi bàn cho đội chủ nhà. Tuy nhiên, thông tin chi tiết về các bàn thắng còn lại và diễn biến cụ thể của cả trận đấu hiện chưa có trong hồ sơ này. Nếu bạn cần phân tích sâu hơn về chiến thuật hay thống kê chi tiết khác, hãy cho tôi biết nhé!

========================================================================================
time: 2026-05-25 09:32:39
request_id: 1e9d944a-4019-487d-8bbd-0eb305440f9c
question_id: 0
stage: request_received
summary: Incoming web chat request via json.
----------------------------------------------------------------------------------------
message:
xin chào

packet:
{
  "route": "match-detail",
  "userMessage": "xin chào",
  "activeContext": null,
  "match": {
    "id": "uefa-champions-league-2023-09-20-03-00-00-barcelona-antwerp",
    "title": "Barcelona 5 - 0 Antwerp",
    "league": "UEFA Champions League",
    "season": "2023-2024",
    "status": "Final",
    "time": "03:00, 20/09/2023",
    "teams": [
      "Barcelona",
      "Antwerp"
    ],
    "score": "5 - 0",
    "stats": {
      "possession": [
        50,
        50
      ],
      "shots": [
        0,
        0
      ],
      "xg": [
        0,
        0
      ]
    },
    "summary": "Not found.",
    "source": "dataset/raw/europe_champions-league_2023-2024/2023-09-19_fc-barcelona-royal-antwerp/2023-09-20_Barcelona_5-0_Antwerp_G067uJ1M.json"
  },
  "media": {
    "currentMinute": 0,
    "nearbyEvents": [
      {
        "minute": "10'",
        "minuteVal": 10,
        "text": "Joao Felix (Barcelona) picks up the ball on the edge of the penalty box and produces a moment of magic with a brilliant shot that goes into the left side of the goal!"
      }
    ],
    "retrievalWindowSeconds": 180
  },
  "memoryPolicy": {
    "keepLastTurns": 6,
    "summarizeOlderTurns": true,
    "retrieveBy": [
      "match_id",
      "team",
      "player",
      "minute",
      "topic"
    ]
  }
}

========================================================================================
time: 2026-05-25 09:32:42
request_id: 1e9d944a-4019-487d-8bbd-0eb305440f9c
question_id: 1779676359331
stage: think_d0
summary: decision=DIRECT subtasks=0
----------------------------------------------------------------------------------------
<analysis>
DOMAIN: SOCCER
The user is greeting me in Vietnamese ("xin chào" means "hello"). This is a conversational opener, not a specific football question. However, the context is a football match (Barcelona vs Antwerp). I should acknowledge the greeting and offer assistance related to the match or general football topics. Since there is no specific question to answer yet, I don't need to decompose into sub-tasks for analysis. I will respond naturally in Vietnamese.
</analysis>

<decision>DIRECT</decision>

<reason>The input is a simple greeting ("xin chào") without a specific question about the match or player details. No tool usage or decomposition is required at this stage; a natural language response acknowledging the greeting and offering help is appropriate.</reason>

========================================================================================
time: 2026-05-25 09:32:44
request_id: 1e9d944a-4019-487d-8bbd-0eb305440f9c
question_id: 1779676359331
stage: final_answer
summary: Final answer returned to the web UI.
----------------------------------------------------------------------------------------
Chào bạn, đây là kết quả của trận đấu giữa Barcelona và Antwerp trong khuôn khổ UEFA Champions League mùa giải 2023-2024. Kết thúc trận đấu với tỷ số đậm đà **5 - 0** nghiêng hoàn toàn về phía Barcelona.

Dựa trên dữ liệu có sẵn, chúng ta biết được rằng vào phút thứ 10, João Felix đã có một pha lập công ấn tượng từ bên ngoài vòng cấm địa, đưa bóng đi qua cột dọc trái để ghi bàn cho đội chủ nhà. Tuy nhiên, thông tin chi tiết về các bàn thắng còn lại và diễn biến cụ thể của cả trận đấu hiện chưa có trong hồ sơ này. Nếu bạn cần phân tích sâu hơn về chiến thuật hay thống kê chi tiết khác, hãy cho tôi biết nhé!

========================================================================================
time: 2026-05-25 09:34:19
request_id: edebb636-fad5-42f8-a953-d37f95d8e185
question_id: 0
stage: request_received
summary: Incoming web chat request via json.
----------------------------------------------------------------------------------------
message:
xin chào

packet:
{
  "route": "match-detail",
  "userMessage": "xin chào",
  "activeContext": null,
  "match": {
    "id": "uefa-champions-league-2023-09-20-03-00-00-barcelona-antwerp",
    "title": "Barcelona 5 - 0 Antwerp",
    "league": "UEFA Champions League",
    "season": "2023-2024",
    "status": "Final",
    "time": "03:00, 20/09/2023",
    "teams": [
      "Barcelona",
      "Antwerp"
    ],
    "score": "5 - 0",
    "stats": {
      "possession": [
        50,
        50
      ],
      "shots": [
        0,
        0
      ],
      "xg": [
        0,
        0
      ]
    },
    "summary": "Not found.",
    "source": "dataset/raw/europe_champions-league_2023-2024/2023-09-19_fc-barcelona-royal-antwerp/2023-09-20_Barcelona_5-0_Antwerp_G067uJ1M.json"
  },
  "media": {
    "currentMinute": 0,
    "nearbyEvents": [
      {
        "minute": "10'",
        "minuteVal": 10,
        "text": "Joao Felix (Barcelona) picks up the ball on the edge of the penalty box and produces a moment of magic with a brilliant shot that goes into the left side of the goal!"
      }
    ],
    "retrievalWindowSeconds": 180
  },
  "memoryPolicy": {
    "keepLastTurns": 6,
    "summarizeOlderTurns": true,
    "retrieveBy": [
      "match_id",
      "team",
      "player",
      "minute",
      "topic"
    ]
  }
}

========================================================================================
time: 2026-05-25 09:34:22
request_id: edebb636-fad5-42f8-a953-d37f95d8e185
question_id: 1779676459799
stage: think_d0
summary: decision=DIRECT subtasks=0
----------------------------------------------------------------------------------------
<analysis>
DOMAIN: SOCCER
The user is greeting me in Vietnamese ("xin chào" means "hello"). This is a conversational opener, not a specific football question. However, the context is a football match (Barcelona vs Antwerp). I should acknowledge the greeting and offer assistance related to the match or general football topics. Since there is no specific question to answer yet, I don't need to decompose into sub-tasks for analysis. I will respond naturally in Vietnamese.
</analysis>

<decision>DIRECT</decision>

<reason>The input is a simple greeting ("xin chào") without a specific question about the match or player details. No tool usage or decomposition is required at this stage; a natural language response acknowledging the greeting and offering help is appropriate.</reason>

========================================================================================
time: 2026-05-25 09:34:24
request_id: edebb636-fad5-42f8-a953-d37f95d8e185
question_id: 1779676459799
stage: final_answer
summary: Final answer returned to the web UI.
----------------------------------------------------------------------------------------
Chào bạn, đây là kết quả của trận đấu giữa Barcelona và Antwerp trong khuôn khổ UEFA Champions League mùa giải 2023-2024. Kết thúc trận đấu với tỷ số đậm đà **5 - 0** nghiêng hoàn toàn về phía Barcelona.

Dựa trên dữ liệu có sẵn, chúng ta biết được rằng vào phút thứ 10, João Felix đã có một pha lập công ấn tượng từ bên ngoài vòng cấm địa, đưa bóng đi qua cột dọc trái để ghi bàn cho đội chủ nhà. Tuy nhiên, thông tin chi tiết về các bàn thắng còn lại và diễn biến cụ thể của cả trận đấu hiện chưa có trong hồ sơ này. Nếu bạn cần phân tích sâu hơn về chiến thuật hay thống kê chi tiết khác, hãy cho tôi biết nhé!
